[OK] NIC-B current: dpdk  →  desired: dpdk

── lat tcp --dpdk ──
   binary : /home/ec2-user/ephemeral_dev/build/linux/arm64/release/lat_tcp_dpdk
   mock   : mockex --scenario tcp
   config : /tmp/config-bench-sysmetrics.toml
   topo   : dpdk(ens35=vfio) → VPC → mock(ens34)

[..] forking mock: mockex --scenario tcp --config config-bench-sysmetrics.toml → /tmp/lat_mockex_tcp_BWCEtR.log
[..] exec client: lat_tcp_dpdk --config config-bench-sysmetrics.toml
[2026-05-06 10:13:52.342] [info] pin_thread: 'lat_tcp' pinned to cpu 4 (verified)
[2026-05-06 10:13:52.342] [info] [pin_client.hpp:86] [lat_tcp] pinned to CPU 4 (source: config.toml cpu.cpu_client)
[2026-05-06 10:13:52.344] [utils.cpu] [info] [cpu.hpp:545] [lat_tcp] lock_memory: ok (current=true future=true on_fault=false)
=== lat_tcp ===
config: mock=172.31.47.238 port=20000 payload_size=256 duration=300s warmup_samples=1000 tls=no
[2026-05-06 10:13:52.344] [info] [dpdk_env.hpp:254] load_dpdk_env: Platform::create via DpdkBenchEnv::create: pins=2 cpus_csv=0,1 pci=0000:28:00.0 queues=1
[2026-05-06 10:13:52.344] [dpdk.platform] [info] [platform.hpp:2775] Platform::create: derived file_prefix='eph_0000_28_00_0' from pci='0000:28:00.0', queues=1
[2026-05-06 10:13:52.344] [info] register_external_pin: cpu 0 registered as 'lcore-0(bench-eal)'
[2026-05-06 10:13:52.344] [info] register_external_pin: cpu 1 registered as 'lcore-1(bench-eal)'
[2026-05-06 10:13:52.384] [dpdk.platform] [info] [platform.hpp:2909] Platform::create: daemon granted queue range=[0,1) gen=3 for pci='0000:28:00.0' (requested count=1)
[2026-05-06 10:13:52.384] [dpdk.platform] [info] [platform.hpp:1648] Secondary attached to mempool 'eph_mbuf_p0' at 0x100bf7e80 (shared from primary)
[2026-05-06 10:13:52.384] [dpdk.flow] [info] [flow_steering.hpp:202] Port 0 supports RSS TCP hash (RssPartitioned mode), offloads=0x0000000000000c30
[2026-05-06 10:13:52.384] [dpdk.platform] [info] [platform.hpp:2638] secondary_bringup_ ready (port=0, file_prefix='eph_0000_28_00_0', rx_queue_range=[0,1), dispatch_mode=Software (single-Poller fallback))
[2026-05-06 10:13:52.384] [dpdk.platform] [info] [platform.hpp:2959] Platform::create: ready (pci='0000:28:00.0', file_prefix='eph_0000_28_00_0', queues=[0,1) gen=3)
[2026-05-06 10:13:52.384] [info] [dpdk_env.hpp:139] dpdk_env: local MAC 06:df:40:7b:7f:8d
[2026-05-06 10:13:52.384] [dpdk.arp] [info] [arp.hpp:423] ARP resolved: 172.31.32.1 -> 06:32:55:ab:21:eb (after 1 request(s))
[2026-05-06 10:13:52.384] [info] [dpdk_env.hpp:152] dpdk_env: gateway MAC 06:32:55:ab:21:eb
dpdk_config: port_id=0 src_mac=06:df:40:7b:7f:8d gw_mac=06:32:55:ab:21:eb src_ip=0xac1f26ae dst_ip=0xac1f2fee gw_ip=0xac1f2001
[2026-05-06 10:13:52.384] [dpdk.tcp] [info] [tcp.hpp:915] TCP connection established: 172.31.38.174:50788 -> 172.31.47.238:20000
[2026-05-06 10:13:52.384] [net.dpdk.tcp_stream] [info] [tcp_stream.hpp:611] DpdkTcpStream::create: connected src=0xac1f26ae:50788 -> dst=0xac1f2fee:20000
[2026-05-06 10:13:52.384] [net.dpdk.tcp_stream] [info] [tcp_stream.hpp:1032] create_and_attach: TCP stream attached → port=0, queue=0, mode=Software (single-Poller fallback)
[2026-05-06 10:13:52.384] [utils.tsc] [info] [time.hpp:292] Calibrating TSC...
[2026-05-06 10:13:53.404] [utils.tsc] [info] [time.hpp:378] TSC calibrated: CPU frequency 1.00 GHz (CV=0.00%)
=== lat_tcp (dpdk) ===
samples: 15231096 (warmup 1000 discarded)
RTT_ns:
  min    = 16325
  p50    = 18279
  p90    = 19655
  p99    = 68829
  p99.9  = 73565
  max    = 21455211
  avg    = 19595
  stddev = 26129
TX_ns:
  min    = 9000
  p50    = 10123
  p90    = 11083
  p99    = 60589
  p99.9  = 62093
  max    = 21429415
  avg    = 11343
  stddev = 25978
RX_ns:
  min    = 7170
  p50    = 8025
  p90    = 8899
  p99    = 10387
  p99.9  = 35918
  max    = 263737
  avg    = 8220
  stddev = 1702
throughput: 50782 samples/s
  JSON: benchmarks/latency/outputs/lat_tcp_dpdk_rtt_pid191185_2026-05-06_10-18-53.json
  JSON: benchmarks/latency/outputs/lat_tcp_dpdk_tx_pid191185_2026-05-06_10-18-53.json
  JSON: benchmarks/latency/outputs/lat_tcp_dpdk_rx_pid191185_2026-05-06_10-18-53.json
